// Jest Snapshot v1, https://goo.gl/fbAQLP

exports[`Course Component Snapshot renders Course component 1`] = `
<div
  className="instructorCourse"
  onMouseEnter={[Function]}
  onMouseLeave={[Function]}
>
  <div
    className="coursePhotoSection"
    style={
      Object {
        "backgroundImage": "url(google.com)",
      }
    }
  >
    <i
      className="far fa-heart fa-lg bigHeart unclicked"
    />
    <i
      className="fas fa-heart smallHeart unclicked"
      onClick={[Function]}
    />
  </div>
  <div
    className="courseTextSection"
  >
    <span
      className="courseName"
    >
      Testing React
    </span>
    <div
      className="courseInstructor"
    >
      Charlie
    </div>
    <div
      className="courseStatsBar"
    >
      <img
        className="emptyStars"
        src="https://s3.us-east-2.amazonaws.com/udemy-demo-tarik/emptyStars.png"
      />
      <div
        className="starsContainer"
        style={
          Object {
            "width": "45px",
          }
        }
      >
        <img
          className="fullStars"
          src="https://s3.us-east-2.amazonaws.com/udemy-demo-tarik/filledStars.png"
        />
      </div>
      <span
        className="courseRating"
      >
        3
      </span>
      <span
        className="courseReviews"
      >
        (
        100
        )
      </span>
    </div>
    <div
      className="coursePriceBar"
    >
      <span
        className="courseDiscPrice"
      >
        $
        50
      </span>
      <span
        className="courseFullPrice"
      >
        $
        500
      </span>
    </div>
  </div>
</div>
`;
